
> vite_react_shadcn_ts@0.0.0 build
> next build

  Γû▓ Next.js 14.2.33
  - Environments: .env.local

   Creating an optimized production build ...
node.exe : Failed to compile.
At C:\Users\Sayedul islam\AppData\Local\fnm_multishells\1851
6_1766310493347\npm.ps1:29 char:3
+   & $NODE_EXE $NPM_CLI_JS $args
+   ~~~~~~~~~~~~~~~~~~~~~~~~~~~~~
    + CategoryInfo          : NotSpecified: (Failed to comp 
   ile.:String) [], RemoteException
    + FullyQualifiedErrorId : NativeCommandError
 

./app/(protected)/feed/page.tsx
Error: 
  [31mx[0m Expected ',', got '{'
     ,-[[36;1;4mD:\projects\TripBuddyGo\app\(protected)\fee
d\page.tsx[0m:792:1]
 [2m792[0m |         </div>
 [2m793[0m |       </div>
 [2m794[0m | 
 [2m795[0m |       {/* Comments Modal - Facebook Style */}
     : [31;1m      ^[0m
 [2m796[0m |       <AnimatePresence>
 [2m797[0m |         {showCommentsModal && 
currentModalPost && (
 [2m797[0m |           <motion.div
     `----

Caused by:
    Syntax Error

Import trace for requested module:
./app/(protected)/feed/page.tsx


> Build failed because of webpack errors
